A,A0,B,B0,B1,B2,S,S0,S1,S2
a,b
S
A->aA
A->bA0
A->bB
A0->#
B->#
B->aB0
B->bB2
B0->aB1
B1->aA
B2->aB
S->aS0
S->aS1
S->bS2
S0->#
S1->bA
S2->bB
