0,1,2,3,4,5,6,7,8,9
6
1,2,7
0,a,0
0,b,1
0,b,2
2,a,3
2,b,5
3,a,4
4,a,0
5,a,2
6,a,7
6,a,8
6,b,9
8,b,0
9,b,2
